// Vitest Snapshot v1

exports[`Markdown Parser > can add hint to link 1`] = `
"<p><a href=\\"https://example.com/foo\\">Example</a><span class=\\"text-xs text-gray-600 dark:text-gray-300\\">[example.com]</span></p>
"
`;

exports[`Markdown Parser > can filter xss dom 1`] = `
"<p>&lt;script&gt;alert(1)&lt;/script&gt;<br>
&lt;style&gt;body{color:red}&lt;/style&gt;<br>
<img /></p>
"
`;

exports[`Markdown Parser > can render allowed dom 1`] = `
"<p>plain text</p>
<h1>h1</h1>
<br />
<a href=\\"https://example.com\\">a</a>
<img src=\\"https://example.com/example.png\\" />"
`;

exports[`Markdown Parser > can render pure link 1`] = `
"<p><a href=\\"https://example.com\\">https://example.com</a><br>
<a href=\\"https://www.bilibili.com/video/av926598384\\">av926598384</a><span class=\\"text-xs text-gray-600 dark:text-gray-300\\">[bilibili.com]</span><br>
<a href=\\"https://www.bilibili.com/video/BV11T4y1j7ni\\">BV11T4y1j7ni</a><span class=\\"text-xs text-gray-600 dark:text-gray-300\\">[bilibili.com]</span><br>
<a href=\\"https://www.acfun.cn/v/ac17966946\\">ac17966946</a><span class=\\"text-xs text-gray-600 dark:text-gray-300\\">[acfun.cn]</span><br>
<a href=\\"https://www.nicovideo.jp/watch/sm38945360\\">sm38945360</a><span class=\\"text-xs text-gray-600 dark:text-gray-300\\">[nicovideo.jp]</span><br>
<a href=\\"https://www.youtube.com/watch?v=zOmbs-UMwx0\\">youtube-zOmbs-UMwx0</a><span class=\\"text-xs text-gray-600 dark:text-gray-300\\">[youtube.com]</span><br>
<a href=\\"https://www.nicovideo.jp/mylist/65545020\\">mylist/65545020</a><span class=\\"text-xs text-gray-600 dark:text-gray-300\\">[nicovideo.jp]</span></p>
"
`;

exports[`Markdown Parser > should not filter <link> 1`] = `
"<p><a href=\\"https://example.com\\">https://example.com</a></p>
"
`;
